// Vitest Snapshot v1, https://vitest.dev/guide/snapshot.html

exports[`ManagerEditPage > matches snapshot 1`] = `
"<div>
  <page-title-stub links="[object Object],[object Object],[object Object]"></page-title-stub>
  <div class="_login_787d7f"><b>Login date:</b> 18 янв. 2024 г., 14:32</div>
  <manager-form-stub manager="[object Object]" data-test="manager-edit-page-form"></manager-form-stub>
</div>"
`;
