// Vitest Snapshot v1, https://vitest.dev/guide/snapshot.html

exports[`ProductForm > matches snapshot 1`] = `
"<form class="_form_ba9112" data-test="product-form">
  <div class="_row_ba9112">
    <fieldset label="Title" isrequired=""><input type="text" modelvalue="G.Skill Trident Z5 Neo RGB 2x32 GB DDR5 6000" isfocus="" data-test="product-form-title"></fieldset>
    <fieldset label="Price" isrequired=""><input type="number" modelvalue="31200" data-test="product-form-price"></fieldset>
  </div>
  <div class="_row_ba9112">
    <fieldset label="Manufacturer" isrequired=""><input type="text" modelvalue="[object Object]" options="[object Object],[object Object],[object Object],[object Object],[object Object],[object Object],[object Object],[object Object],[object Object],[object Object],[object Object],[object Object]" data-test="product-form-manufacturer"></fieldset>
    <fieldset label="Category" isrequired=""><input type="text" modelvalue="[object Object]" options="[object Object]" data-test="product-form-category"></fieldset>
  </div><input type="checkbox" label="In stock" modelvalue="true" isrequired="" data-test="product-form-stock">
  <fieldset label="Description" isrequired=""><input type="text" data-test="product-form-description"></fieldset>
  <product-fields-form-stub fields="[object Object],[object Object],[object Object],[object Object],[object Object]" updates="0" data-test="product-form-fields"></product-fields-form-stub><input type="file" label="Upload images" isrequired="" extensions="jpg,png">
  <image-preview-stub urls="resized-1692371580194-12.jpg" isthumb="true" data-test="product-form-images"></image-preview-stub>
  <form-buttons-stub id="64df8a7d7ac901ef3e273343" data-test="product-form-buttons"></form-buttons-stub>
</form>"
`;
