// Vitest Snapshot v1, https://vitest.dev/guide/snapshot.html

exports[`LayoutDefault > matches snapshot 1`] = `
"<div class="_layout_9d4365">
  <the-header-stub></the-header-stub>
  <div class="_container_9d4365">
    <nav-list-stub></nav-list-stub>
    <main class="_main_9d4365">
      <router-view-stub name="default" class="_content_9d4365"></router-view-stub>
    </main>
  </div>
</div>"
`;
