// Vitest Snapshot v1, https://vitest.dev/guide/snapshot.html

exports[`PageTitle > matches snapshot 1`] = `
"<div class="_container_9358e5">
  <ui-breadcrumbs-stub links="[object Object],[object Object]" color="white" data-test="page-title-breadcrumbs"></ui-breadcrumbs-stub>
  <h1 data-test="page-title-header">Title</h1>
</div>"
`;
