// Vitest Snapshot v1, https://vitest.dev/guide/snapshot.html

exports[`TheHeader > matches snapshot 1`] = `
"<header class="_header_99b9fb">
  <div class="_logoAndSearch_99b9fb"><a to="/main" aria-label="Logo">
      <anonymous-stub class="_logo_99b9fb"></anonymous-stub>
    </a>
    <the-search-stub></the-search-stub>
  </div><button layout="plain" data-test="header-logout"> Logout </button>
</header>"
`;
