// Vitest Snapshot v1, https://vitest.dev/guide/snapshot.html

exports[`CustomerPage > matches snapshot 1`] = `
"<div>
  <page-title-stub links="[object Object],[object Object],[object Object]"></page-title-stub>
  <customer-info-stub customer="[object Object]" data-test="customer-page-info"></customer-info-stub>
</div>"
`;
