// Vitest Snapshot v1, https://vitest.dev/guide/snapshot.html

exports[`ManagerList > matches snapshot 1`] = `
"<table headers="[object Object],[object Object],[object Object],[object Object]" isloading="false" lang="en">
  <tbody>
    <tr data-test="manager-list-row">
      <td data-grow=""><a to="/managers/edit/64f19fc5677cb758200ab511" data-test="manager-list-link">a@mail.ru</a></td>
      <td data-no-wrap="">Alexandr Petrov</td>
      <td data-no-wrap="">Sep 1, 2023</td>
      <td data-no-wrap="">Sep 19, 2023</td>
    </tr>
    <tr data-test="manager-list-row">
      <td data-grow=""><a to="/managers/edit/64f19fc5677cb758200ab511" data-test="manager-list-link">a@b.ru</a></td>
      <td data-no-wrap="">Ivan Sidorov</td>
      <td data-no-wrap="">Sep 1, 2023</td>
      <td data-no-wrap="">Sep 19, 2023</td>
    </tr>
  </tbody>
</table>"
`;
