// Vitest Snapshot v1, https://vitest.dev/guide/snapshot.html

exports[`ImagePreview > matches snapshot 1`] = `
"<div class="_container_08d035">
  <div> Images <i>(sortable)</i></div>
  <div list="1.jpg,2.jpg" itemkey="(item) => item" tag="div" class="_images_08d035" data-test="image-preview-sortable">
    <div class="_image_08d035"><img src="site.ru/item" width="200" alt="Image" crossorigin="anonymous"><button layout="plain" data-test="image-preview-delete">Delete</button></div>
  </div>
</div>"
`;
