// Vitest Snapshot v1, https://vitest.dev/guide/snapshot.html

exports[`ProductEditPage > matches snapshot 1`] = `
"<div>
  <page-title-stub links="[object Object],[object Object],[object Object]"></page-title-stub>
  <product-form-stub product="[object Object]" data-test="product-edit-page-form"></product-form-stub>
</div>"
`;
