// Vitest Snapshot v1, https://vitest.dev/guide/snapshot.html

exports[`CustomerInfo > matches snapshot 1`] = `
"<div class="_customer_2e0069">
  <div><b>Customer: </b><span data-test="customer-info-name">Alexandr Ivanot</span><a href="mailto:a@b.ru" data-test="customer-info-email">a@b.ru</a></div>
  <div><b>Created: </b><span data-test="customer-info-created">Sep 10, 2023, 2:24 PM</span></div>
  <div><b>Login date: </b><span data-test="customer-info-login">-</span></div>
  <div data-test="customer-info-cart">
    <div><b>Cart:</b></div>
    <div data-test="customer-info-cart-item"><span data-test="customer-info-cart-item-count">2</span> x <a to="/products/edit/64dd11c52f1f47a62b1cc0e2" data-test="customer-info-cart-item-title">ASUS ROG Strix Impact II Electro Punk</a></div>
    <div data-test="customer-info-cart-item"><span data-test="customer-info-cart-item-count">3</span> x <a to="/products/edit/64df860a7ac901ef3e27319c" data-test="customer-info-cart-item-title">Thermaltake TOUGHRAM 2x8 GB DDR4 4400</a></div>
  </div>
  <div data-test="customer-info-favourites">
    <div><b>Favourites:</b></div>
    <div data-test="customer-info-favourites-item"><a to="/products/edit/64dde049eb94d9f7131a41c9" data-test="customer-info-favourites-title">Razer BlackWidow V3 Mini</a></div>
    <div data-test="customer-info-favourites-item"><a to="/products/edit/64dd13d52f1f47a62b1cc18a" data-test="customer-info-favourites-title">ASUS ROG Gladius II Core</a></div>
    <div data-test="customer-info-favourites-item"><a to="/products/edit/64dd11c52f1f47a62b1cc0e2" data-test="customer-info-favourites-title">ASUS ROG Strix Impact II Electro Punk</a></div>
  </div>
  <div data-test="customer-info-watched-products">
    <div><b>Watched products:</b></div>
    <div data-test="customer-info-watched-products-item"><a to="/products/edit/64dddadbeb94d9f7131a40d0" data-test="customer-info-watched-products-title">ASUS ROG Azoth</a> - <span data-test="customer-info-watched-products-date">Sep 28, 2023, 3:38 PM</span></div>
    <div data-test="customer-info-watched-products-item"><a to="/products/edit/64dd11c52f1f47a62b1cc0e2" data-test="customer-info-watched-products-title">ASUS ROG Strix Impact II Electro Punk</a> - <span data-test="customer-info-watched-products-date">Oct 1, 2023, 8:15 AM</span></div>
  </div>
</div>"
`;
